../Src/har_app.c:49:6:HAR_Init	8	static
../Src/har_app.c:60:6:HAR_Process	200	static
../Src/har_app.c:101:13:HAR_SourceName	16	static
../Src/har_app.c:111:13:HAR_ClassName	16	static
../Src/har_app.c:121:12:HAR_ParseSampleLine	72	static
../Src/har_app.c:179:13:HAR_AddSample	24	static
../Src/har_app.c:199:13:HAR_CopyWindow	40	static
../Src/har_app.c:219:13:HAR_RunInference	264	static
../Src/har_app.c:263:17:HAR_ArgMax	24	static
../Src/har_app.c:278:13:HAR_FormatResult	88	static
../Src/har_app.c:294:13:HAR_FormatParseError	216	static
../Src/har_app.c:306:14:HAR_UART_ReadLine	16	static
../Src/har_app.c:313:14:HAR_SD_ReadLine	16	static
../Src/har_app.c:320:14:HAR_USB_ReadLine	16	static
../Src/har_app.c:327:14:HAR_ETH_ReadLine	16	static
../Src/har_app.c:334:15:HAR_OutputSerial	16	static
../Src/har_app.c:339:14:HAR_RunNetwork	104	static
