../Src/har_app.c:48:6:HAR_Init	8	static
../Src/har_app.c:59:6:HAR_Process	200	static
../Src/har_app.c:100:13:HAR_SourceName	16	static
../Src/har_app.c:110:13:HAR_ClassName	16	static
../Src/har_app.c:120:12:HAR_ParseSampleLine	72	static
../Src/har_app.c:178:13:HAR_AddSample	24	static
../Src/har_app.c:198:13:HAR_CopyWindow	40	static
../Src/har_app.c:218:13:HAR_RunInference	264	static
../Src/har_app.c:262:17:HAR_ArgMax	24	static
../Src/har_app.c:277:13:HAR_FormatResult	72	static
../Src/har_app.c:292:13:HAR_FormatParseError	216	static
../Src/har_app.c:304:14:HAR_UART_ReadLine	16	static
../Src/har_app.c:311:14:HAR_SD_ReadLine	16	static
../Src/har_app.c:318:14:HAR_USB_ReadLine	16	static
../Src/har_app.c:325:14:HAR_ETH_ReadLine	16	static
../Src/har_app.c:332:15:HAR_OutputSerial	16	static
../Src/har_app.c:337:14:HAR_RunNetwork	104	static
